// Jest Snapshot v1, https://goo.gl/fbAQLP

exports[`renders Table unchanged 1`] = `
<div>
  <div>
    <table>
      <thead>
        <tr>
          <th>
            firstName
          </th>
          <th>
            <span>
              Last Name
            </span>
          </th>
          <th>
            Age
          </th>
          <th>
            <span>
              Visits
            </span>
          </th>
          <th>
            Status
          </th>
          <th>
            Profile Progress
          </th>
        </tr>
      </thead>
      <tbody>
        <tr>
          <td>
            tanner
          </td>
          <td>
            <i>
              linsley
            </i>
          </td>
          <td>
            24
          </td>
          <td>
            100
          </td>
          <td>
            In Relationship
          </td>
          <td>
            50
          </td>
        </tr>
        <tr>
          <td>
            tandy
          </td>
          <td>
            <i>
              miller
            </i>
          </td>
          <td>
            40
          </td>
          <td>
            40
          </td>
          <td>
            Single
          </td>
          <td>
            80
          </td>
        </tr>
        <tr>
          <td>
            joe
          </td>
          <td>
            <i>
              dirte
            </i>
          </td>
          <td>
            45
          </td>
          <td>
            20
          </td>
          <td>
            Complicated
          </td>
          <td>
            10
          </td>
        </tr>
      </tbody>
      <tfoot>
        <tr>
          <th>
            firstName
          </th>
          <th>
            lastName
          </th>
          <th>
            age
          </th>
          <th>
            visits
          </th>
          <th>
            status
          </th>
          <th>
            progress
          </th>
        </tr>
      </tfoot>
    </table>
  </div>
</div>
`;
